../Core/Inc/conversions.h:12:7:convert_weight	1
../Core/Inc/conversions.h:16:7:convert_pressure	1
../Core/Inc/conversions.h:20:7:convert_pressure_calibrated	1
../Core/Inc/conversions.h:23:7:convert_thermocouple_K	6
../Core/Inc/ADS1118.h:32:19:Ads1118_Configure	3
../Core/Inc/ADS1118.h:57:19:Ads1118_Transmit	1
../Core/Inc/ADS1118.h:65:9:Ads1118_is_single_ended	2
../Core/Inc/ADS1118.h:70:7:Ads1118_full_scale_range	7
../Core/Inc/ADS1118.h:89:7:Ads1118_output_code_to_voltage	1
../Core/Src/main.c:97:5:main	14
../Core/Src/main.c:231:6:SystemClock_Config	3
../Core/Src/main.c:269:13:MX_CAN_Init	2
../Core/Src/main.c:306:13:MX_SPI1_Init	2
../Core/Src/main.c:346:13:MX_TIM14_Init	2
../Core/Src/main.c:375:13:MX_DMA_Init	1
../Core/Src/main.c:393:13:MX_GPIO_Init	1
../Core/Src/main.c:429:7:temperature_code_to_temperature	2
../Core/Src/main.c:437:19:send_can_msg	1
../Core/Src/main.c:455:6:HAL_CAN_RxFifo0MsgPendingCallback	15
../Core/Src/main.c:495:6:HAL_SPI_TxRxCpltCallback	1
../Core/Src/main.c:499:6:HAL_TIM_PeriodElapsedCallback	1
../Core/Src/main.c:518:6:create_float_packet	1
../Core/Src/main.c:530:6:Error_Handler	1
