../Core/Inc/conversions.h:12:7:convert_weight	24	static
../Core/Inc/conversions.h:16:7:convert_pressure	24	static
../Core/Inc/conversions.h:20:7:convert_pressure_calibrated	16	static
../Core/Inc/conversions.h:23:7:convert_thermocouple_K	72	static
../Core/Inc/ADS1118.h:32:19:Ads1118_Configure	32	static
../Core/Inc/ADS1118.h:57:19:Ads1118_Transmit	32	static
../Core/Inc/ADS1118.h:65:9:Ads1118_is_single_ended	16	static
../Core/Inc/ADS1118.h:70:7:Ads1118_full_scale_range	24	static
../Core/Inc/ADS1118.h:89:7:Ads1118_output_code_to_voltage	32	static
../Core/Src/main.c:97:5:main	216	dynamic
../Core/Src/main.c:231:6:SystemClock_Config	88	static
../Core/Src/main.c:269:13:MX_CAN_Init	8	static
../Core/Src/main.c:306:13:MX_SPI1_Init	8	static
../Core/Src/main.c:346:13:MX_TIM14_Init	8	static
../Core/Src/main.c:375:13:MX_DMA_Init	16	static
../Core/Src/main.c:393:13:MX_GPIO_Init	48	static
../Core/Src/main.c:429:7:temperature_code_to_temperature	16	static
../Core/Src/main.c:437:19:send_can_msg	56	static
../Core/Src/main.c:455:6:HAL_CAN_RxFifo0MsgPendingCallback	136	static
../Core/Src/main.c:495:6:HAL_SPI_TxRxCpltCallback	16	static
../Core/Src/main.c:499:6:HAL_TIM_PeriodElapsedCallback	16	static
../Core/Src/main.c:518:6:create_float_packet	24	static
../Core/Src/main.c:530:6:Error_Handler	8	static,ignoring_inline_asm
