../Core/Inc/conversions.h:12:7:convert_weight	24	static
../Core/Inc/conversions.h:16:7:convert_pressure	24	static
../Core/Inc/conversions.h:20:7:convert_pressure_calibrated	16	static
../Core/Inc/conversions.h:23:7:convert_thermocouple_K	16	static
../Core/Inc/ADS1118.h:33:19:Ads1118_Configure	32	static
../Core/Inc/ADS1118.h:58:19:Ads1118_Transmit	32	static
../Core/Inc/ADS1118.h:66:9:Ads1118_is_single_ended	16	static
../Core/Inc/ADS1118.h:71:7:Ads1118_full_scale_range	24	static
../Core/Inc/ADS1118.h:90:7:Ads1118_output_code_to_voltage	32	static
../Core/Src/main.c:99:5:main	240	dynamic
../Core/Src/main.c:251:6:SystemClock_Config	88	static
../Core/Src/main.c:291:13:MX_ADC_Init	24	static
../Core/Src/main.c:345:13:MX_CAN_Init	8	static
../Core/Src/main.c:382:13:MX_SPI1_Init	8	static
../Core/Src/main.c:422:13:MX_TIM14_Init	8	static
../Core/Src/main.c:451:13:MX_DMA_Init	16	static
../Core/Src/main.c:469:13:MX_GPIO_Init	48	static
../Core/Src/main.c:505:7:temperature_code_to_temperature	16	static
../Core/Src/main.c:514:19:send_can_msg	56	static
../Core/Src/main.c:532:6:HAL_CAN_RxFifo0MsgPendingCallback	128	static
../Core/Src/main.c:592:6:HAL_SPI_TxRxCpltCallback	16	static
../Core/Src/main.c:596:6:HAL_TIM_PeriodElapsedCallback	16	static
../Core/Src/main.c:615:6:create_float_packet	24	static
../Core/Src/main.c:628:6:Error_Handler	8	static,ignoring_inline_asm
