../Core/Inc/conversions.h:12:7:convert_weight	1
../Core/Inc/conversions.h:16:7:convert_pressure	1
../Core/Inc/conversions.h:20:7:convert_pressure_calibrated	1
../Core/Inc/conversions.h:23:7:convert_thermocouple_K	1
../Core/Inc/ADS1118.h:33:19:Ads1118_Configure	3
../Core/Inc/ADS1118.h:58:19:Ads1118_Transmit	1
../Core/Inc/ADS1118.h:66:9:Ads1118_is_single_ended	2
../Core/Inc/ADS1118.h:71:7:Ads1118_full_scale_range	7
../Core/Inc/ADS1118.h:90:7:Ads1118_output_code_to_voltage	1
../Core/Src/main.c:99:5:main	13
../Core/Src/main.c:251:6:SystemClock_Config	3
../Core/Src/main.c:291:13:MX_ADC_Init	3
../Core/Src/main.c:345:13:MX_CAN_Init	2
../Core/Src/main.c:382:13:MX_SPI1_Init	2
../Core/Src/main.c:422:13:MX_TIM14_Init	2
../Core/Src/main.c:451:13:MX_DMA_Init	1
../Core/Src/main.c:469:13:MX_GPIO_Init	1
../Core/Src/main.c:505:7:temperature_code_to_temperature	2
../Core/Src/main.c:514:19:send_can_msg	1
../Core/Src/main.c:532:6:HAL_CAN_RxFifo0MsgPendingCallback	15
../Core/Src/main.c:592:6:HAL_SPI_TxRxCpltCallback	1
../Core/Src/main.c:596:6:HAL_TIM_PeriodElapsedCallback	1
../Core/Src/main.c:615:6:create_float_packet	1
../Core/Src/main.c:628:6:Error_Handler	1
